// Jest Snapshot v1, https://goo.gl/fbAQLP

exports[`Roles renders without errors 1`] = `null`;
